node.exe : npm warn Unknown env config "devdir". This will stop working in the next major version of npm. See `npm help
 npmrc` for supported config options.
위치 줄:1 문자:1
+ & "C:\Program Files\nodejs/node.exe" "C:\Program Files\nodejs/node_mo ...
+ ~~~~~~~~~~~~~~~~~~~~~~~~~~~~~~~~~~~~~~~~~~~~~~~~~~~~~~~~~~~~~~~~~~~~~
    + CategoryInfo          : NotSpecified: (npm warn Unknow...config options.:String) [], RemoteException
    + FullyQualifiedErrorId : NativeCommandError
 

> scout-admin@0.0.0 build
> tsc -b && vite build

vite v8.1.3 building client environment for production...
[2K
transforming...??106 modules transformed.
rendering chunks...
computing gzip size...
dist/index.html                                    0.40 kB ??gzip:   0.27 kB
dist/assets/reports-CnFR05cf.png                   9.16 kB
dist/assets/programs-BMt7YzbD.png                 10.09 kB
dist/assets/meetings-CJiDkkk4.png                 11.21 kB
dist/assets/advancements-CffngyA1.png             11.65 kB
dist/assets/merit-badges-Db8i9Pjn.png             12.81 kB
dist/assets/dashboard-Cezgwyi0.png                14.40 kB
dist/assets/scout-integrated-BzIeHWFt.png         15.27 kB
dist/assets/settings-DkB2FB4S.png                 16.12 kB
dist/assets/scouts-BVW1n-Ac.png                   16.16 kB
dist/assets/businessDate-lULcJpeq.js               0.26 kB ??gzip:   0.20 kB
dist/assets/survivalBadgeValidation-BqwrsTXP.js    3.75 kB ??gzip:   1.64 kB
dist/assets/ChangePasswordPage-DenBayWn.js         4.30 kB ??gzip:   1.85 kB
dist/assets/RegisterPage-DlO15mwC.js               9.63 kB ??gzip:   3.48 kB
dist/assets/UserManagementPage-DYJiSOt2.js        13.78 kB ??gzip:   4.27 kB
dist/assets/OrganizationsPage-BsUGNvHs.js         15.14 kB ??gzip:   4.78 kB
dist/assets/OrganizationBackupsPage-D3TWFiw8.js   24.79 kB ??gzip:   7.76 kB
dist/assets/SignupRequestsPage-uNMJIlwe.js        35.39 kB ??gzip:   8.89 kB
dist/assets/MeetingsPage-p8NSyQXx.js              42.11 kB ??gzip:  10.70 kB
dist/assets/ProgramCompletionsPage-Chc2Y52Y.js    42.64 kB ??gzip:   9.97 kB
dist/assets/MeritBadgesPage-C3XznGed.js           53.37 kB ??gzip:  12.41 kB
dist/assets/AdvancementsPage-C23FQ0e0.js          69.63 kB ??gzip:  16.42 kB
dist/assets/ReportsPage-DeLsw93A.js               71.36 kB ??gzip:  17.25 kB
dist/assets/ScoutsPage-D9wmcV0H.js               117.64 kB ??gzip:  26.07 kB
dist/assets/ScoutIntegratedPage-JRxee5Jx.js      142.89 kB ??gzip:  33.29 kB
dist/assets/xlsx-Z0cIKGHL.js                     421.57 kB ??gzip: 140.62 kB
dist/assets/index-eseVt3RU.js                    568.20 kB ??gzip: 156.52 kB

??built in 452ms
[plugin builtin:vite-reporter] 
(!) Some chunks are larger than 500 kB after minification. Consider:
- Using dynamic import() to code-split the application
- Use build.rolldownOptions.output.codeSplitting to improve chunking: https://rolldown.rs/reference/OutputOptions.codeS
plitting
- Adjust chunk size limit for this warning via build.chunkSizeWarningLimit.
